Added Component: Designator=J1(HARWIN_M20-9992045)
Add component (AddParameter): Name = "Availability"; Value = "Unavailable"; VariantName = "[No Variations]"
Add component (AddParameter): Name = "Check_prices"; Value = "https://www.snapeda.com/parts/M20-9992045/Harwin/view-part/?ref=eda"; VariantName = "[No Variations]"
Add component (AddParameter): Name = "MF"; Value = "Harwin"; VariantName = "[No Variations]"
Add component (AddParameter): Name = "MP"; Value = "M20-9992045"; VariantName = "[No Variations]"
Add component (AddParameter): Name = "Package"; Value = "None"; VariantName = "[No Variations]"
Add component (AddParameter): Name = "Price"; Value = "None"; VariantName = "[No Variations]"
Add component (AddParameter): Name = "SnapEDA_Link"; Value = "https://www.snapeda.com/parts/M20-9992045/Harwin/view-part/?ref=snap"; VariantName = "[No Variations]"
Add component (AddParameter): Name = "Value"; Value = ""; VariantName = "[No Variations]"
Added Component: Designator=J2(HARWIN_M20-9992045)
Add component (AddParameter): Name = "Availability"; Value = "Unavailable"; VariantName = "[No Variations]"
Add component (AddParameter): Name = "Check_prices"; Value = "https://www.snapeda.com/parts/M20-9992045/Harwin/view-part/?ref=eda"; VariantName = "[No Variations]"
Add component (AddParameter): Name = "MF"; Value = "Harwin"; VariantName = "[No Variations]"
Add component (AddParameter): Name = "MP"; Value = "M20-9992045"; VariantName = "[No Variations]"
Add component (AddParameter): Name = "Package"; Value = "None"; VariantName = "[No Variations]"
Add component (AddParameter): Name = "Price"; Value = "None"; VariantName = "[No Variations]"
Add component (AddParameter): Name = "SnapEDA_Link"; Value = "https://www.snapeda.com/parts/M20-9992045/Harwin/view-part/?ref=snap"; VariantName = "[No Variations]"
Add component (AddParameter): Name = "Value"; Value = ""; VariantName = "[No Variations]"
Added Pin To Net: NetName=GND Pin=J1-1
Added Pin To Net: NetName=GND Pin=J1-2
Added Pin To Net: NetName=+3V3 Pin=J1-3
Added Pin To Net: NetName=PB12 Pin=J1-4
Added Pin To Net: NetName=PB13 Pin=J1-5
Added Pin To Net: NetName=PB14 Pin=J1-6
Added Pin To Net: NetName=PB15 Pin=J1-7
Added Pin To Net: NetName=PA8 Pin=J1-8
Added Pin To Net: NetName=PA9 Pin=J1-9
Added Pin To Net: NetName=PA10 Pin=J1-10
Added Pin To Net: NetName=PA11 Pin=J1-11
Added Pin To Net: NetName=PA12 Pin=J1-12
Added Pin To Net: NetName=PA15 Pin=J1-13
Added Pin To Net: NetName=PB3 Pin=J1-14
Added Pin To Net: NetName=PB4 Pin=J1-15
Added Pin To Net: NetName=PB5 Pin=J1-16
Added Pin To Net: NetName=PB6 Pin=J1-17
Added Pin To Net: NetName=PB7 Pin=J1-18
Added Pin To Net: NetName=+3V3 Pin=J1-19
Added Pin To Net: NetName=GND Pin=J1-20
Added Pin To Net: NetName=GND Pin=J2-1
Added Pin To Net: NetName=GND Pin=J2-2
Added Pin To Net: NetName=+3V3 Pin=J2-3
Added Pin To Net: NetName=PB11 Pin=J2-4
Added Pin To Net: NetName=PB10 Pin=J2-5
Added Pin To Net: NetName=PB1 Pin=J2-6
Added Pin To Net: NetName=PB0 Pin=J2-7
Added Pin To Net: NetName=PA7 Pin=J2-8
Added Pin To Net: NetName=PA6 Pin=J2-9
Added Pin To Net: NetName=PA5 Pin=J2-10
Added Pin To Net: NetName=PA4 Pin=J2-11
Added Pin To Net: NetName=PA3 Pin=J2-12
Added Pin To Net: NetName=PA2 Pin=J2-13
Added Pin To Net: NetName=PA1 Pin=J2-14
Added Pin To Net: NetName=PA0 Pin=J2-15
Added Pin To Net: NetName=NRST Pin=J2-16
Added Pin To Net: NetName=PC13 Pin=J2-17
Added Pin To Net: NetName=PB9 Pin=J2-18
Added Pin To Net: NetName=PB8 Pin=J2-19
Added Pin To Net: NetName=GND Pin=J2-20
Added Member To Class: ClassName=Schematic Member=Component J1 M20-9992045
Added Member To Class: ClassName=Schematic Member=Component J2 M20-9992045
